Γ£à Cß║Ñu tr├║c backend Node.js ─æ├ú ─æ╞░ß╗úc tß║ío!
=== Test 1: Raw history data ===
History by type: [
  { count: '7', loai_giao_dich: 'BAN_HANG' },
  { count: '1', loai_giao_dich: 'CAP_NHAT' },
  { count: '6', loai_giao_dich: 'CHUYEN_KHO' },
  { count: '17', loai_giao_dich: 'NHAP_KHO' }
]

=== Test 2: Vehicles in XE group ===
Vehicles in XE group: 18

=== Test 3: Full query (simplified) ===
Full query result count: 18

=== Test 4: Sample data ===
Sample data:
  BAN_HANG | SH125I | Honda SH 125i 2024 | XE | INV20260205000020
  NHAP_KHO | SP0004 | Phanh | LOP | POP20260205000040
  NHAP_KHO | SP0001 | Phanh | Phanh | POP20260205000038
  CHUYEN_KHO | SH125I | Honda SH 125i 2024 | XE | CK20260205-843
  NHAP_KHO | SP0001 | Phanh | Phanh | POP20260203000026
