
Testing: brand
  - Status: 200
  - Content: application/vnd.openxmlformats-officedocument.spreadsheetml.sheet

Testing: color
  - Status: 200
  - Content: application/vnd.openxmlformats-officedocument.spreadsheetml.sheet

Testing: warehouse
  - Status: 200
  - Content: application/vnd.openxmlformats-officedocument.spreadsheetml.sheet

Testing: origin
  - Status: 200
  - Content: application/vnd.openxmlformats-officedocument.spreadsheetml.sheet

Testing: vehicle-type
  - Status: 200
  - Content: application/vnd.openxmlformats-officedocument.spreadsheetml.sheet

Testing: customer
  - Status: 200
  - Content: application/vnd.openxmlformats-officedocument.spreadsheetml.sheet

Testing: part
  - Status: 200
  - Content: application/vnd.openxmlformats-officedocument.spreadsheetml.sheet

Testing: xe-ton-kho
  - Status: 200
  - Content: application/vnd.openxmlformats-officedocument.spreadsheetml.sheet

Testing: thu-chi

Testing: nhap-kho
  - Status: 200
  - Content: application/vnd.openxmlformats-officedocument.spreadsheetml.sheet

Testing: nhap-kho-xe
  - Status: 200
  - Content: application/vnd.openxmlformats-officedocument.spreadsheetml.sheet

Testing: xuat-kho
  - Status: 200
  - Content: application/vnd.openxmlformats-officedocument.spreadsheetml.sheet

Testing: transfer-xe

Testing: transfer-pt
  - Status: 200
  - Content: application/vnd.openxmlformats-officedocument.spreadsheetml.sheet
